// Jest Snapshot v1, https://goo.gl/fbAQLP

exports[`renders Checkout component 1`] = `
<div>
  <div
    class="header"
  >
    <div
      class="header__container"
    >
      <div
        class="header__left"
      >
        <a
          href="/"
        >
          <img
            alt=""
            src="../../../images/logo.png"
          />
        </a>
      </div>
      <div
        class="header__right"
      >
        <a
          href="/browse"
        >
          Continue Shopping
          <svg
            fill="currentColor"
            height="1em"
            stroke="currentColor"
            stroke-width="0"
            viewBox="0 0 24 24"
            width="1em"
            xmlns="http://www.w3.org/2000/svg"
          >
            <path
              d="M0 0h24v24H0z"
              fill="none"
            />
            <path
              d="M8 5v14l11-7z"
            />
          </svg>
        </a>
      </div>
    </div>
  </div>
</div>
`;
